// Jest Snapshot v1, https://goo.gl/fbAQLP

exports[`filterSlice should logout 1`] = `
Object {
  "email": null,
  "id": null,
  "token": null,
}
`;

exports[`filterSlice should return authorized state 1`] = `
Object {
  "email": "som@gmail.com",
  "id": "1",
  "token": "123456789",
}
`;

exports[`filterSlice should return default state 1`] = `
Object {
  "email": null,
  "id": null,
  "token": null,
}
`;
